// Jest Snapshot v1, https://goo.gl/fbAQLP

exports[`matches snapshot 1`] = `
<DocumentFragment>
  <div
    class="card text-white bg-info mb-3"
    style="margin-top: 10px;"
  >
    <div
      class="card-body"
    >
      <h4
        class="card-title"
      >
        CEO
      </h4>
      <p
        class="card-text"
      >
        Salary: 1000000
      </p>
      <p
        class="card-text"
      >
        Equity: 10
      </p>
      <button
        class="btn btn-primary font-weight-bold text-uppercase float-right"
      >
        Apply
      </button>
    </div>
  </div>
</DocumentFragment>
`;
